app/api/download/route.ts(21,31): error TS2305: Module '"@/lib/types"' has no exported member 'ProductDescription'.
app/api/download/route.ts(21,51): error TS2305: Module '"@/lib/types"' has no exported member 'PostingSlot'.
app/api/download/route.ts(109,34): error TS7006: Parameter 'f' implicitly has an 'any' type.
app/api/generate/route.ts(87,36): error TS2339: Property 'productDescription' does not exist on type 'GeneratedPack'.
app/api/generate/route.ts(88,33): error TS2339: Property 'postingSchedule' does not exist on type 'GeneratedPack'.
app/api/generate/route.ts(90,28): error TS2339: Property 'totalScore' does not exist on type 'GeneratedPack'.
app/api/request-download/route.ts(97,35): error TS2339: Property 'productDescription' does not exist on type 'GeneratedPack'.
app/api/request-download/route.ts(98,32): error TS2339: Property 'postingSchedule' does not exist on type 'GeneratedPack'.
app/api/request-download/route.ts(100,27): error TS2339: Property 'totalScore' does not exist on type 'GeneratedPack'.
lib/prompts/image-generation.prompt.ts(119,62): error TS2339: Property 'platform' does not exist on type 'Scene'.
lib/prompts/image-generation.prompt.ts(128,75): error TS2339: Property 'platform' does not exist on type 'Scene'.
lib/prompts/image-generation.prompt.ts(137,107): error TS2339: Property 'platform' does not exist on type 'Scene'.
