components/layout/Sidebar.tsx(47,62): error TS2551: Property 'ageRanges' does not exist on type 'GenerationConfig'. Did you mean 'ageRange'?
components/layout/Sidebar.tsx(47,100): error TS2561: Object literal may only specify known properties, but 'ageRanges' does not exist in type 'Partial<GenerationConfig>'. Did you mean to write 'ageRange'?
components/layout/Sidebar.tsx(81,37): error TS2551: Property 'platforms' does not exist on type 'GenerationConfig'. Did you mean 'platform'?
components/layout/Sidebar.tsx(81,75): error TS2561: Object literal may only specify known properties, but 'platforms' does not exist in type 'Partial<GenerationConfig>'. Did you mean to write 'platform'?
components/layout/Sidebar.tsx(86,54): error TS2551: Property 'angles' does not exist on type 'GenerationConfig'. Did you mean 'angle'?
components/layout/Sidebar.tsx(86,89): error TS2561: Object literal may only specify known properties, but 'angles' does not exist in type 'Partial<GenerationConfig>'. Did you mean to write 'angle'?
components/output/ActionBar.tsx(16,49): error TS2551: Property 'platformSpec' does not exist on type 'GeneratedImage'. Did you mean 'platform'?
components/output/ActionBar.tsx(16,76): error TS2339: Property 'caption' does not exist on type 'GeneratedImage'.
components/output/ActionBar.tsx(16,92): error TS2339: Property 'hashtags' does not exist on type 'GeneratedImage'.
components/output/OutputCard.tsx(30,11): error TS2339: Property 'engagementScore' does not exist on type 'GeneratedImage'.
components/output/OutputCard.tsx(31,11): error TS2339: Property 'engagementScore' does not exist on type 'GeneratedImage'.
components/output/OutputCard.tsx(32,11): error TS2339: Property 'engagementScore' does not exist on type 'GeneratedImage'.
components/output/OutputCard.tsx(74,16): error TS2367: This comparison appears to be unintentional because the types '"done" | "error"' and '"regenerating"' have no overlap.
components/output/OutputCard.tsx(92,57): error TS2339: Property 'caption' does not exist on type 'GeneratedImage'.
components/output/OutputCard.tsx(137,26): error TS2339: Property 'engagementScore' does not exist on type 'GeneratedImage'.
components/output/OutputCard.tsx(143,26): error TS2339: Property 'engagementScore' does not exist on type 'GeneratedImage'.
components/output/OutputCard.tsx(149,46): error TS2339: Property 'engagementScore' does not exist on type 'GeneratedImage'.
components/output/OutputCard.tsx(156,87): error TS2339: Property 'engagementScore' does not exist on type 'GeneratedImage'.
components/output/OutputCard.tsx(163,100): error TS2339: Property 'engagementScore' does not exist on type 'GeneratedImage'.
components/output/OutputCard.tsx(172,99): error TS2339: Property 'caption' does not exist on type 'GeneratedImage'.
components/output/OutputCard.tsx(173,106): error TS2339: Property 'hashtags' does not exist on type 'GeneratedImage'.
components/output/OutputSection.tsx(47,47): error TS2339: Property 'productDescription' does not exist on type 'GeneratedPack'.
components/output/OutputSection.tsx(48,48): error TS2339: Property 'postingSchedule' does not exist on type 'GeneratedPack'.
components/output/PackSummary.tsx(9,25): error TS2339: Property 'postingSchedule' does not exist on type 'GeneratedPack'.
components/output/PackSummary.tsx(10,15): error TS2339: Property 'postingSchedule' does not exist on type 'GeneratedPack'.
components/output/PackSummary.tsx(10,50): error TS2339: Property 'postingSchedule' does not exist on type 'GeneratedPack'.
components/output/PackSummary.tsx(17,21): error TS2339: Property 'totalScore' does not exist on type 'GeneratedPack'.
components/output/PlatformGallery.tsx(35,32): error TS2551: Property 'platforms' does not exist on type 'GenerationConfig'. Did you mean 'platform'?
components/output/PostingSchedulePanel.tsx(5,15): error TS2305: Module '"@/types"' has no exported member 'PostingSchedule'.
components/output/ProductDescriptionPanel.tsx(5,15): error TS2305: Module '"@/types"' has no exported member 'ProductDescription'.
components/output/ProductDescriptionPanel.tsx(16,46): error TS7006: Parameter 'b' implicitly has an 'any' type.
components/output/ProductDescriptionPanel.tsx(46,39): error TS7006: Parameter 'b' implicitly has an 'any' type.
components/output/ProductDescriptionPanel.tsx(46,42): error TS7006: Parameter 'i' implicitly has an 'any' type.
components/output/SlotImage.tsx(33,22): error TS2339: Property 'caption' does not exist on type 'GeneratedImage'.
components/output/SlotTabs.tsx(30,11): error TS2339: Property 'engagementScore' does not exist on type 'GeneratedImage'.
components/output/SlotTabs.tsx(31,11): error TS2339: Property 'engagementScore' does not exist on type 'GeneratedImage'.
components/output/SlotTabs.tsx(32,11): error TS2339: Property 'engagementScore' does not exist on type 'GeneratedImage'.
components/output/SlotTabs.tsx(59,22): error TS2339: Property 'caption' does not exist on type 'GeneratedImage'.
components/output/SlotTabs.tsx(62,22): error TS2339: Property 'hashtags' does not exist on type 'GeneratedImage'.
components/output/SlotTabs.tsx(109,26): error TS2339: Property 'engagementScore' does not exist on type 'GeneratedImage'.
components/output/SlotTabs.tsx(115,26): error TS2339: Property 'engagementScore' does not exist on type 'GeneratedImage'.
components/output/SlotTabs.tsx(123,46): error TS2339: Property 'engagementScore' does not exist on type 'GeneratedImage'.
components/output/SlotTabs.tsx(130,22): error TS2339: Property 'engagementScore' does not exist on type 'GeneratedImage'.
components/output/SlotTabs.tsx(136,24): error TS2339: Property 'engagementScore' does not exist on type 'GeneratedImage'.
hooks/usePackEditor.ts(16,13): error TS2345: Argument of type '(prev: GeneratedPack | null) => { images: (GeneratedImage | { status: "regenerating"; imageBase64: null; id: string; variation: number; platform: string; angle: string; adCopy: AdCopies; error?: string | undefined; })[]; id: string; platform: string; audience: UserConfig; generatedAt: string; } | null' is not assignable to parameter of type 'SetStateAction<GeneratedPack | null>'.
  Type '(prev: GeneratedPack | null) => { images: (GeneratedImage | { status: "regenerating"; imageBase64: null; id: string; variation: number; platform: string; angle: string; adCopy: AdCopies; error?: string | undefined; })[]; id: string; platform: string; audience: UserConfig; generatedAt: string; } | null' is not assignable to type '(prevState: GeneratedPack | null) => GeneratedPack | null'.
    Type '{ images: (GeneratedImage | { status: "regenerating"; imageBase64: null; id: string; variation: number; platform: string; angle: string; adCopy: AdCopies; error?: string | undefined; })[]; id: string; platform: string; audience: UserConfig; generatedAt: string; } | null' is not assignable to type 'GeneratedPack | null'.
      Type '{ images: (GeneratedImage | { status: "regenerating"; imageBase64: null; id: string; variation: number; platform: string; angle: string; adCopy: AdCopies; error?: string; })[]; id: string; platform: string; audience: UserConfig; generatedAt: string; }' is not assignable to type 'GeneratedPack'.
        Types of property 'images' are incompatible.
          Type '(GeneratedImage | { status: "regenerating"; imageBase64: null; id: string; variation: number; platform: string; angle: string; adCopy: AdCopies; error?: string | undefined; })[]' is not assignable to type 'GeneratedImage[]'.
            Type 'GeneratedImage | { status: "regenerating"; imageBase64: null; id: string; variation: number; platform: string; angle: string; adCopy: AdCopies; error?: string | undefined; }' is not assignable to type 'GeneratedImage'.
              Type '{ status: "regenerating"; imageBase64: null; id: string; variation: number; platform: string; angle: string; adCopy: AdCopies; error?: string; }' is not assignable to type 'GeneratedImage'.
                Types of property 'status' are incompatible.
                  Type '"regenerating"' is not assignable to type '"done" | "error"'.
hooks/usePackEditor.ts(35,125): error TS2551: Property 'platformSpec' does not exist on type 'GeneratedImage'. Did you mean 'platform'?
hooks/usePackEditor.ts(35,168): error TS2551: Property 'platformSpec' does not exist on type 'GeneratedImage'. Did you mean 'platform'?
hooks/usePackEditor.ts(108,7): error TS2322: Type '"regenerating"' is not assignable to type '"done" | "error"'.
hooks/usePackEditor.ts(123,122): error TS2551: Property 'platformSpec' does not exist on type 'GeneratedImage'. Did you mean 'platform'?
hooks/usePackEditor.ts(123,162): error TS2551: Property 'platformSpec' does not exist on type 'GeneratedImage'. Did you mean 'platform'?
hooks/usePackEditor.ts(170,60): error TS2339: Property 'engagementScore' does not exist on type 'GeneratedImage'.
hooks/usePackEditor.ts(172,42): error TS2339: Property 'engagementScore' does not exist on type 'GeneratedImage'.
hooks/usePipeline.ts(29,14): error TS2551: Property 'ageRanges' does not exist on type 'GenerationConfig'. Did you mean 'ageRange'?
hooks/usePipeline.ts(33,14): error TS2551: Property 'platforms' does not exist on type 'GenerationConfig'. Did you mean 'platform'?
hooks/usePipeline.ts(34,14): error TS2551: Property 'angles' does not exist on type 'GenerationConfig'. Did you mean 'angle'?
lib/config.ts(1,15): error TS2305: Module '"@/types"' has no exported member 'AgeRange'.
lib/config.ts(1,25): error TS2305: Module '"@/types"' has no exported member 'Gender'.
lib/config.ts(1,33): error TS2305: Module '"@/types"' has no exported member 'Angle'.
