.next/dev/types/validator.ts(107,39): error TS2307: Cannot find module '../../../app/api/queue/enqueue/route.js' or its corresponding type declarations.
.next/dev/types/validator.ts(116,39): error TS2307: Cannot find module '../../../app/api/queue/status/route.js' or its corresponding type declarations.
.next/dev/types/validator.ts(125,39): error TS2307: Cannot find module '../../../app/api/queue/stream/route.js' or its corresponding type declarations.
.next/dev/types/validator.ts(134,39): error TS2307: Cannot find module '../../../app/api/queue/worker/route.js' or its corresponding type declarations.
.next/types/validator.ts(98,39): error TS2307: Cannot find module '../../app/api/queue/enqueue/route.js' or its corresponding type declarations.
.next/types/validator.ts(107,39): error TS2307: Cannot find module '../../app/api/queue/status/route.js' or its corresponding type declarations.
.next/types/validator.ts(116,39): error TS2307: Cannot find module '../../app/api/queue/stream/route.js' or its corresponding type declarations.
.next/types/validator.ts(125,39): error TS2307: Cannot find module '../../app/api/queue/worker/route.js' or its corresponding type declarations.
app/api/download/route.ts(25,35): error TS2307: Cannot find module '@/lib/queue' or its corresponding type declarations.
app/api/image/route.ts(2,35): error TS2307: Cannot find module '@/lib/queue' or its corresponding type declarations.
app/app/app/api/download/route.ts(28,16): error TS2339: Property 'imageBase64' does not exist on type 'GeneratedImage'.
app/app/app/api/download/route.ts(31,15): error TS2339: Property 'imageBase64' does not exist on type 'GeneratedImage'.
app/app/app/api/download/route.ts(33,43): error TS2339: Property 'imageBase64' does not exist on type 'GeneratedImage'.
app/app/app/api/download/route.ts(48,26): error TS2339: Property 'imageBase64' does not exist on type 'GeneratedImage'.
app/app/app/api/download/route.ts(167,33): error TS2345: Argument of type 'Buffer<ArrayBufferLike>' is not assignable to parameter of type 'BodyInit | null | undefined'.
  Type 'Buffer<ArrayBufferLike>' is missing the following properties from type 'URLSearchParams': size, append, delete, get, and 2 more.
components/generation/LoadingSequence.tsx(52,21): error TS2322: Type 'number | undefined' is not assignable to type 'number'.
  Type 'undefined' is not assignable to type 'number'.
components/generation/LoadingSequence.tsx(53,42): error TS2339: Property 'estimatedWait' does not exist on type '{ status: "queued"; runId: string; position?: number | undefined; } & { status: "queued" | "analyzing" | "generating"; }'.
  Property 'estimatedWait' does not exist on type 'never'.
components/layout/Sidebar.tsx(3,10): error TS2724: '"@/hooks/useGeneration"' has no exported member named 'useGenerationStore'. Did you mean 'useGeneration'?
components/output/ActionBar.tsx(8,10): error TS2724: '"@/hooks/useGeneration"' has no exported member named 'useGenerationStore'. Did you mean 'useGeneration'?
components/output/ActionBar.tsx(12,41): error TS7006: Parameter 's' implicitly has an 'any' type.
components/output/OutputGrid.tsx(9,10): error TS2724: '"@/hooks/useGeneration"' has no exported member named 'useGenerationStore'. Did you mean 'useGeneration'?
components/output/OutputGrid.tsx(39,46): error TS7006: Parameter 's' implicitly has an 'any' type.
components/output/OutputSection.tsx(8,10): error TS2724: '"@/hooks/useGeneration"' has no exported member named 'useGenerationStore'. Did you mean 'useGeneration'?
components/output/OutputSection.tsx(8,30): error TS2305: Module '"@/hooks/useGeneration"' has no exported member 'selectIsGenerating'.
components/output/OutputSection.tsx(17,46): error TS7006: Parameter 's' implicitly has an 'any' type.
components/upload/UploadZone.tsx(6,10): error TS2724: '"@/hooks/useGeneration"' has no exported member named 'useGenerationStore'. Did you mean 'useGeneration'?
components/WorkspaceClient.tsx(5,10): error TS2724: '"@/hooks/useGeneration"' has no exported member named 'useGenerationStore'. Did you mean 'useGeneration'?
components/WorkspaceClient.tsx(8,47): error TS7006: Parameter 's' implicitly has an 'any' type.
hooks/useGeneration.ts(28,32): error TS2307: Cannot find module '@trigger.dev/react-hooks' or its corresponding type declarations.
hooks/usePipeline.ts(4,10): error TS2724: '"./useGeneration"' has no exported member named 'useGenerationStore'. Did you mean 'useGeneration'?
hooks/usePipeline.ts(4,30): error TS2305: Module '"./useGeneration"' has no exported member 'selectCanGenerate'.
hooks/usePipeline.ts(4,49): error TS2305: Module '"./useGeneration"' has no exported member 'selectIsGenerating'.
trigger/generate-pack.ts(57,16): error TS2339: Property 'imageBase64' does not exist on type 'GeneratedImage'.
trigger/generate-pack.ts(65,34): error TS2339: Property 'imageBase64' does not exist on type 'GeneratedImage'.
trigger/generate-pack.ts(66,21): error TS2339: Property 'imageBase64' does not exist on type 'GeneratedImage'.
trigger/generate-pack.ts(67,21): error TS2339: Property 'imageBase64' does not exist on type 'GeneratedImage'.
trigger/generate-pack.ts(69,32): error TS2339: Property 'imageBase64' does not exist on type 'GeneratedImage'.
trigger/generate-pack.ts(126,17): error TS2322: Type '(stage: number, message: string) => void' is not assignable to type '(stage: number, message: string) => Promise<void>'.
  Type 'void' is not assignable to type 'Promise<void>'.
trigger/generate-pack.ts(152,47): error TS2345: Argument of type 'MetadataImage' is not assignable to parameter of type 'DeserializedJson'.
  Type 'MetadataImage' is not assignable to type '{ [key: string]: DeserializedJson; }'.
    Index signature for type 'string' is missing in type 'MetadataImage'.
trigger/generate-pack.ts(161,26): error TS2339: Property 'images' does not exist on type '{ status: "done"; pack: GeneratedPack; } | { status: "yield"; scenesWithCopy: any[]; stage?: number | undefined; stageMessage?: string | undefined; }'.
  Property 'images' does not exist on type '{ status: "done"; pack: GeneratedPack; }'.
trigger/generate-pack.ts(161,37): error TS7006: Parameter 'img' implicitly has an 'any' type.
trigger/Trigger.config.ts(4,3): error TS2322: Type 'string | undefined' is not assignable to type 'string'.
  Type 'undefined' is not assignable to type 'string'.
